  Γû▓ Next.js 14.2.35
  - Environments: .env

   Creating an optimized production build ...
node.exe : Failed to compile.
At C:\Program 
Files\nodejs\npx.ps1:29 char:3
+   & $NODE_EXE $NPX_CLI_JS $args
+   ~~~~~~~~~~~~~~~~~~~~~~~~~~~~~
    + CategoryInfo          : NotSp 
   ecified: (Failed to compile.:St  
  ring) [], RemoteException
    + FullyQualifiedErrorId : Nativ 
   eCommandError
 

./app/globals.css.webpack[javascript
/auto]!=!./node_modules/next/dist/bu
ild/webpack/loaders/css-loader/src/i
ndex.js??ruleSet[1].rules[14].oneOf[
12].use[2]!./node_modules/next/dist/
build/webpack/loaders/postcss-loader
/src/index.js??ruleSet[1].rules[14].
oneOf[12].use[3]!./app/globals.css
Error: It looks like you're trying 
to use `tailwindcss` directly as a 
PostCSS plugin. The PostCSS plugin 
has moved to a separate package, so 
to continue using Tailwind CSS with 
PostCSS you'll need to install 
`@tailwindcss/postcss` and update 
your PostCSS configuration.
    at at (C:\HousePatingWeb\fronten
d\node_modules\tailwindcss\dist\lib.
js:38:1643)
    at LazyResult.runOnRoot (C:\Hous
ePatingWeb\frontend\node_modules\nex
t\node_modules\postcss\lib\lazy-resu
lt.js:329:16)
    at LazyResult.runAsync (C:\House
PatingWeb\frontend\node_modules\next
\node_modules\postcss\lib\lazy-resul
t.js:258:26)
    at LazyResult.async (C:\HousePat
ingWeb\frontend\node_modules\next\no
de_modules\postcss\lib\lazy-result.j
s:160:30)
    at LazyResult.then (C:\HousePati
ngWeb\frontend\node_modules\next\nod
e_modules\postcss\lib\lazy-result.js
:404:17)

Import trace for requested module:
./app/globals.css.webpack[javascript
/auto]!=!./node_modules/next/dist/bu
ild/webpack/loaders/css-loader/src/i
ndex.js??ruleSet[1].rules[14].oneOf[
12].use[2]!./node_modules/next/dist/
build/webpack/loaders/postcss-loader
/src/index.js??ruleSet[1].rules[14].
oneOf[12].use[3]!./app/globals.css
./app/globals.css

./app/globals.css
Error: It looks like you're trying 
to use `tailwindcss` directly as a 
PostCSS plugin. The PostCSS plugin 
has moved to a separate package, so 
to continue using Tailwind CSS with 
PostCSS you'll need to install 
`@tailwindcss/postcss` and update 
your PostCSS configuration.
    at at (C:\HousePatingWeb\fronten
d\node_modules\tailwindcss\dist\lib.
js:38:1643)
    at LazyResult.runOnRoot (C:\Hous
ePatingWeb\frontend\node_modules\nex
t\node_modules\postcss\lib\lazy-resu
lt.js:329:16)
    at LazyResult.runAsync (C:\House
PatingWeb\frontend\node_modules\next
\node_modules\postcss\lib\lazy-resul
t.js:258:26)
    at LazyResult.async (C:\HousePat
ingWeb\frontend\node_modules\next\no
de_modules\postcss\lib\lazy-result.j
s:160:30)
    at LazyResult.then (C:\HousePati
ngWeb\frontend\node_modules\next\nod
e_modules\postcss\lib\lazy-result.js
:404:17)
    at tryRunOrWebpackError (C:\Hous
ePatingWeb\frontend\node_modules\nex
t\dist\compiled\webpack\bundle5.js:2
8:312989)
    at __webpack_require_module__ (C
:\HousePatingWeb\frontend\node_modul
es\next\dist\compiled\webpack\bundle
5.js:28:131165)
    at 
__nested_webpack_require_153728__ (C
:\HousePatingWeb\frontend\node_modul
es\next\dist\compiled\webpack\bundle
5.js:28:130607)
    at C:\HousePatingWeb\frontend\no
de_modules\next\dist\compiled\webpac
k\bundle5.js:28:131454
    at symbolIterator (C:\HousePatin
gWeb\frontend\node_modules\next\dist
\compiled\neo-async\async.js:1:14444
)
    at done (C:\HousePatingWeb\front
end\node_modules\next\dist\compiled\
neo-async\async.js:1:14824)
    at Hook.eval [as callAsync] 
(eval at create (C:\HousePatingWeb\f
rontend\node_modules\next\dist\compi
led\webpack\bundle5.js:13:28858), 
<anonymous>:15:1)
    at Hook.CALL_ASYNC_DELEGATE [as 
_callAsync] (C:\HousePatingWeb\front
end\node_modules\next\dist\compiled\
webpack\bundle5.js:13:26012)
    at C:\HousePatingWeb\frontend\no
de_modules\next\dist\compiled\webpac
k\bundle5.js:28:130328
    at symbolIterator (C:\HousePatin
gWeb\frontend\node_modules\next\dist
\compiled\neo-async\async.js:1:14402
)
-- inner error --
Error: It looks like you're trying 
to use `tailwindcss` directly as a 
PostCSS plugin. The PostCSS plugin 
has moved to a separate package, so 
to continue using Tailwind CSS with 
PostCSS you'll need to install 
`@tailwindcss/postcss` and update 
your PostCSS configuration.
    at at (C:\HousePatingWeb\fronten
d\node_modules\tailwindcss\dist\lib.
js:38:1643)
    at LazyResult.runOnRoot (C:\Hous
ePatingWeb\frontend\node_modules\nex
t\node_modules\postcss\lib\lazy-resu
lt.js:329:16)
    at LazyResult.runAsync (C:\House
PatingWeb\frontend\node_modules\next
\node_modules\postcss\lib\lazy-resul
t.js:258:26)
    at LazyResult.async (C:\HousePat
ingWeb\frontend\node_modules\next\no
de_modules\postcss\lib\lazy-result.j
s:160:30)
    at LazyResult.then (C:\HousePati
ngWeb\frontend\node_modules\next\nod
e_modules\postcss\lib\lazy-result.js
:404:17)
    at Object.<anonymous> (C:\HouseP
atingWeb\frontend\node_modules\next\
dist\build\webpack\loaders\css-loade
r\src\index.js??ruleSet[1].rules[14]
.oneOf[12].use[2]!C:\HousePatingWeb\
frontend\node_modules\next\dist\buil
d\webpack\loaders\postcss-loader\src
\index.js??ruleSet[1].rules[14].oneO
f[12].use[3]!C:\HousePatingWeb\front
end\app\globals.css:1:7)
    at C:\HousePatingWeb\frontend\no
de_modules\next\dist\compiled\webpac
k\bundle5.js:28:922493
    at Hook.eval [as call] (eval at 
create (C:\HousePatingWeb\frontend\n
ode_modules\next\dist\compiled\webpa
ck\bundle5.js:13:28636), 
<anonymous>:7:1)
    at Hook.CALL_DELEGATE [as 
_call] (C:\HousePatingWeb\frontend\n
ode_modules\next\dist\compiled\webpa
ck\bundle5.js:13:25906)
    at C:\HousePatingWeb\frontend\no
de_modules\next\dist\compiled\webpac
k\bundle5.js:28:131198
    at tryRunOrWebpackError (C:\Hous
ePatingWeb\frontend\node_modules\nex
t\dist\compiled\webpack\bundle5.js:2
8:312943)
    at __webpack_require_module__ (C
:\HousePatingWeb\frontend\node_modul
es\next\dist\compiled\webpack\bundle
5.js:28:131165)
    at 
__nested_webpack_require_153728__ (C
:\HousePatingWeb\frontend\node_modul
es\next\dist\compiled\webpack\bundle
5.js:28:130607)
    at C:\HousePatingWeb\frontend\no
de_modules\next\dist\compiled\webpac
k\bundle5.js:28:131454
    at symbolIterator (C:\HousePatin
gWeb\frontend\node_modules\next\dist
\compiled\neo-async\async.js:1:14444
)

Generated code for C:\HousePatingWeb
\frontend\node_modules\next\dist\bui
ld\webpack\loaders\css-loader\src\in
dex.js??ruleSet[1].rules[14].oneOf[1
2].use[2]!C:\HousePatingWeb\frontend
\node_modules\next\dist\build\webpac
k\loaders\postcss-loader\src\index.j
s??ruleSet[1].rules[14].oneOf[12].us
e[3]!C:\HousePatingWeb\frontend\app\
globals.css

Import trace for requested module:
./app/globals.css


> Build failed because of webpack 
errors
